HI-TECH Software C Compiler 

Linker command line:

--edf=C:\Program Files (x86)\HI-TECH Software\PICC\9.80\dat\en_msgs.txt -cs \
  -h+dist/default/production\PR11.X.production.sym -z -Q16F876A -ol.obj \
  -Mdist/default/production/PR11.X.production.map -E1 -ACONST=00h-0FFhx32 \
  -ACODE=00h-07FFhx4 -ASTRCODE=00h-01FFFh -AENTRY=00h-0FFhx32 \
  -ASTRING=00h-0FFhx32 -ABANK0=020h-06Fh -ABANK1=0A0h-0EFh \
  -ABANK2=0110h-016Fh -ABANK3=0190h-01EFh \
  -ARAM=020h-06Fh,0A0h-0EFh,0110h-016Fh,0190h-01EFh \
  -AABS1=020h-07Fh,0A0h-0EFh,0110h-016Fh,0190h-01EFh -ACOMMON=070h-07Fh \
  -ASFR0=00h-01Fh -ASFR1=080h-09Fh -ASFR2=0100h-010Fh -ASFR3=0180h-018Fh \
  -preset_vec=00h,intentry,init,end_init -ppowerup=CODE -pfunctab=CODE \
  -ACONFIG=02007h-02007h -pconfig=CONFIG -DCONFIG=2 -AIDLOC=02000h-02003h \
  -pidloc=IDLOC -DIDLOC=2 -AEEDATA=00h-0FFh/02100h -peeprom_data=EEDATA \
  -DEEDATA=2 -DCODE=2 -DSTRCODE=2 -DSTRING=2 -DCONST=2 -DENTRY=2 -k \
  C:\Users\User\AppData\Local\Temp\sek4.obj \
  dist/default/production\PR11.X.production.obj 

Object code version is 3.10

Machine type is 16F876A



                Name                               Link     Load   Length Selector   Space Scale
C:\Users\User\AppData\Local\Temp\sek4.obj
                end_init                              0        0        3        0       0
dist/default/production\PR11.X.production.obj
                config                             2007     2007        1     400E       0
                text284                             195      195       10      32A       0
                text283                             1CF      1CF       16      39E       0
                text282                             25F      25F       50      4BE       0
                text281                             21B      21B       44      436       0
                text280                             2AF      2AF       5C      55E       0
                text279                             30B      30B       6E      616       0
                text278                             379      379       84      6F2       0
                text277                             1E5      1E5       19      3CA       0
                text276                             1A5      1A5       15      34A       0
                text275                             1BA      1BA       15      374       0
                text274                             1FE      1FE       1D      3FC       0
                text273                             3FD      3FD      1FE      7FA       0
                maintext                            5FB      5FB      205      BF6       0
                cstackBANK0                          2A       2A        A       20       1
                cstackCOMMON                         70       70        E       70       1
                bssBANK0                             20       20        A       20       1
                cinit                               187      187        E      30E       0

TOTAL           Name                               Link     Load   Length     Space
        CLASS   CONST          

        CLASS   CODE           
                end_init                              0        0        3         0
                text284                             195      195       10         0
                text283                             1CF      1CF       16         0
                text282                             25F      25F       50         0
                text281                             21B      21B       44         0
                text280                             2AF      2AF       5C         0
                text279                             30B      30B       6E         0
                text278                             379      379       84         0
                text277                             1E5      1E5       19         0
                text276                             1A5      1A5       15         0
                text275                             1BA      1BA       15         0
                text274                             1FE      1FE       1D         0
                text273                             3FD      3FD      1FE         0
                maintext                            5FB      5FB      205         0
                cinit                               187      187        E         0

        CLASS   STRCODE        

        CLASS   ENTRY          

        CLASS   STRING         

        CLASS   BANK0          
                cstackBANK0                          2A       2A        A         1
                bssBANK0                             20       20        A         1

        CLASS   BANK1          

        CLASS   BANK2          

        CLASS   BANK3          

        CLASS   RAM            

        CLASS   ABS1           
                abs_s1                               7E       7E        2         1

        CLASS   COMMON         
                cstackCOMMON                         70       70        E         1

        CLASS   SFR0           

        CLASS   SFR1           

        CLASS   SFR2           

        CLASS   SFR3           

        CLASS   CONFIG         
                config                             2007     2007        1         0

        CLASS   IDLOC          

        CLASS   EEDATA         



SEGMENTS        Name                           Load    Length   Top    Selector   Space  Class     Delta

                reset_vec                      000000  000003  000003         0       0  CODE        2
                bssBANK0                       000020  000014  000034        20       1  BANK0       1
                cstackCOMMON                   000070  00000E  00007E        70       1  COMMON      1
                cinit                          000187  00000E  000195       30E       0  CODE        2
                text284                        000195  000010  0001A5       32A       0  CODE        2
                text276                        0001A5  000015  0001BA       34A       0  CODE        2
                text275                        0001BA  000015  0001CF       374       0  CODE        2
                text283                        0001CF  000016  0001E5       39E       0  CODE        2
                text277                        0001E5  000019  0001FE       3CA       0  CODE        2
                text274                        0001FE  00001D  00021B       3FC       0  CODE        2
                text281                        00021B  000044  00025F       436       0  CODE        2
                text282                        00025F  000050  0002AF       4BE       0  CODE        2
                text280                        0002AF  00005C  00030B       55E       0  CODE        2
                text279                        00030B  00006E  000379       616       0  CODE        2
                text278                        000379  000084  0003FD       6F2       0  CODE        2
                text273                        0003FD  0001FE  0005FB       7FA       0  CODE        2
                maintext                       0005FB  000205  000800       BF6       0  CODE        2
                config                         002007  000001  002008      400E       0  CONFIG      2


UNUSED ADDRESS RANGES

        Name                Unused          Largest block    Delta
        BANK0            0034-006F             3C           1
        BANK1            00A0-00EF             50           1
        BANK2            0110-016F             60           1
        BANK3            0190-01EF             60           1
        CODE             0003-0186            184           2
                         0800-1FFF            800
        CONST            0003-0186             FD           2
                         0800-1FFF            100
        EEDATA           2100-21FF            100           2
        ENTRY            0003-0186             FD           2
                         0800-1FFF            100
        IDLOC            2000-2003              4           2
        RAM              0034-006F             3C           1
                         00A0-00EF             50
                         0110-016F             60
                         0190-01EF             60
        SFR0             0000-001F             20           1
        SFR1             0080-009F             20           1
        SFR2             0100-010F             10           1
        SFR3             0180-018F             10           1
        STRCODE          0003-0186            184           2
                         0800-1FFF           1800
        STRING           0003-0186             FD           2
                         0800-1FFF            100

                                  Symbol Table

??___lldiv               cstackCOMMON 0078
??___llmod               cstackCOMMON 0078
??___lwdiv               cstackCOMMON 0074
??___lwmod               cstackCOMMON 0074
??_delay                 cstackCOMMON 0072
??_dis_num               cstackBANK0  002E
??_e_pulse               cstackCOMMON 0072
??_lcd_goto              cstackCOMMON 0073
??_main                  cstackCOMMON 007E
??_read_adc              cstackBANK0  002A
??_read_temp             cstackCOMMON 0072
??_send_char             cstackCOMMON 0072
??_send_config           cstackCOMMON 0072
?___lldiv                cstackCOMMON 0070
?___llmod                cstackCOMMON 0070
?___lwdiv                cstackCOMMON 0070
?___lwmod                cstackCOMMON 0070
?_delay                  cstackCOMMON 0070
?_dis_num                cstackBANK0  002A
?_e_pulse                cstackCOMMON 0070
?_lcd_goto               cstackCOMMON 0070
?_main                   cstackCOMMON 0070
?_read_adc               cstackCOMMON 0070
?_read_temp              cstackCOMMON 0070
?_send_char              cstackCOMMON 0070
?_send_config            cstackCOMMON 0070
_ADCON0                  (abs)        001F
_ADCON1                  (abs)        009F
_ADGO                    (abs)        00FA
_ADRESH                  (abs)        001E
_ADRESL                  (abs)        009E
_PORTA                   (abs)        0005
_PORTB                   (abs)        0006
_PORTC                   (abs)        0007
_RA2                     (abs)        002A
_RA5                     (abs)        002D
_RB1                     (abs)        0031
_RB2                     (abs)        0032
_RB3                     (abs)        0033
_RB4                     (abs)        0034
_RB5                     (abs)        0035
_TRISA                   (abs)        0085
_TRISB                   (abs)        0086
_TRISC                   (abs)        0087
__Habs1                  abs1         0000
__Hbank0                 bank0        0000
__Hbank1                 bank1        0000
__Hbank2                 bank2        0000
__Hbank3                 bank3        0000
__HbssBANK0              bssBANK0     0000
__Hcinit                 cinit        0000
__Hclrtext               clrtext      0000
__Hcode                  code         0000
__Hcommon                common       0000
__Hconfig                config       2008
__HcstackBANK0           cstackBANK0  0000
__HcstackCOMMON          cstackCOMMON 0000
__Heeprom_data           eeprom_data  0000
__Hend_init              end_init     0003
__Hfunctab               functab      0000
__Hidloc                 idloc        0000
__Hinit                  init         0000
__Hintentry              intentry     0000
__Hmaintext              maintext     0000
__Hpowerup               powerup      0000
__Hram                   ram          0000
__Hreset_vec             reset_vec    0000
__Hsfr0                  sfr0         0000
__Hsfr1                  sfr1         0000
__Hsfr2                  sfr2         0000
__Hsfr3                  sfr3         0000
__Hstrings               strings      0000
__Htext                  text         0000
__Labs1                  abs1         0000
__Lbank0                 bank0        0000
__Lbank1                 bank1        0000
__Lbank2                 bank2        0000
__Lbank3                 bank3        0000
__LbssBANK0              bssBANK0     0000
__Lcinit                 cinit        0000
__Lclrtext               clrtext      0000
__Lcode                  code         0000
__Lcommon                common       0000
__Lconfig                config       2007
__LcstackBANK0           cstackBANK0  0000
__LcstackCOMMON          cstackCOMMON 0000
__Leeprom_data           eeprom_data  0000
__Lend_init              end_init     0000
__Lfunctab               functab      0000
__Lidloc                 idloc        0000
__Linit                  init         0000
__Lintentry              intentry     0000
__Lmaintext              maintext     0000
__Lpowerup               powerup      0000
__Lram                   ram          0000
__Lreset_vec             reset_vec    0000
__Lsfr0                  sfr0         0000
__Lsfr1                  sfr1         0000
__Lsfr2                  sfr2         0000
__Lsfr3                  sfr3         0000
__Lstrings               strings      0000
__Ltext                  text         0000
__S0                     (abs)        2008
__S1                     (abs)        007E
__S2                     (abs)        0000
___lldiv                 text279      030B
___lldiv@counter         cstackCOMMON 007D
___lldiv@dividend        cstackCOMMON 0074
___lldiv@divisor         cstackCOMMON 0070
___lldiv@quotient        cstackCOMMON 0079
___llmod                 text280      02AF
___llmod@counter         cstackCOMMON 0079
___llmod@dividend        cstackCOMMON 0074
___llmod@divisor         cstackCOMMON 0070
___lwdiv                 text282      025F
___lwdiv@counter         cstackCOMMON 0077
___lwdiv@dividend        cstackCOMMON 0072
___lwdiv@divisor         cstackCOMMON 0070
___lwdiv@quotient        cstackCOMMON 0075
___lwmod                 text281      021B
___lwmod@counter         cstackCOMMON 0075
___lwmod@dividend        cstackCOMMON 0072
___lwmod@divisor         cstackCOMMON 0070
__end_of___lldiv         text279      0379
__end_of___llmod         text280      030B
__end_of___lwdiv         text282      02AF
__end_of___lwmod         text281      025F
__end_of_delay           text283      01E5
__end_of_dis_num         text273      05FB
__end_of_e_pulse         text277      01FE
__end_of_lcd_goto        text274      021B
__end_of_main            maintext     0800
__end_of_read_adc        text278      03FD
__end_of_read_temp       text284      01A5
__end_of_send_char       text275      01CF
__end_of_send_config     text276      01BA
__pbssBANK0              bssBANK0     0020
__pcstackBANK0           cstackBANK0  002A
__pcstackCOMMON          cstackCOMMON 0070
__pmaintext              maintext     05FB
__ptext272               text272      0000
__ptext273               text273      03FD
__ptext274               text274      01FE
__ptext275               text275      01BA
__ptext276               text276      01A5
__ptext277               text277      01E5
__ptext278               text278      0379
__ptext279               text279      030B
__ptext280               text280      02AF
__ptext281               text281      021B
__ptext282               text282      025F
__ptext283               text283      01CF
__ptext284               text284      0195
__ptext285               text285      0000
__size_of___lldiv        (abs)        0000
__size_of___llmod        (abs)        0000
__size_of___lwdiv        (abs)        0000
__size_of___lwmod        (abs)        0000
__size_of_delay          (abs)        0000
__size_of_dis_num        (abs)        0000
__size_of_e_pulse        (abs)        0000
__size_of_lcd_goto       (abs)        0000
__size_of_main           (abs)        0000
__size_of_read_adc       (abs)        0000
__size_of_read_temp      (abs)        0000
__size_of_send_char      (abs)        0000
__size_of_send_config    (abs)        0000
_delay                   text283      01CF
_dis_num                 text273      03FD
_e_pulse                 text277      01E5
_exit                    init         0000
_lcd_goto                text274      01FE
_main                    maintext     05FB
_read_adc                text278      0379
_read_temp               text284      0195
_result                  bssBANK0     0020
_send_char               text275      01BA
_send_config             text276      01A5
_temperatureA            bssBANK0     0022
_temperatureB            bssBANK0     0024
_temporary1              bssBANK0     0026
_temporary2              bssBANK0     0028
btemp                    (abs)        007E
delay@i                  cstackCOMMON 0070
dis_num@data             cstackBANK0  002A
dis_num@hundred          cstackBANK0  0032
dis_num@hundred_thousand cstackBANK0  002F
dis_num@ten_thousand     cstackBANK0  0030
dis_num@tenth            cstackBANK0  0033
dis_num@thousand         cstackBANK0  0031
end_of_initialization    cinit        0191
intlevel0                functab      0000
intlevel1                functab      0000
intlevel2                functab      0000
intlevel3                functab      0000
intlevel4                functab      0000
intlevel5                functab      0000
lcd_goto@data            cstackCOMMON 0074
read_adc@i               cstackBANK0  0032
read_adc@result_temp     cstackBANK0  002E
read_temp@temp           cstackCOMMON 0072
reset_vec                reset_vec    0000
send_char@data           cstackCOMMON 0072
send_config@data         cstackCOMMON 0072
start                    init         0000
start_initialization     cinit        0187
wtemp0                   (abs)        007E
