Microchip MPLAB XC8 Compiler V1.21 ()

Linker command line:

--edf=C:\Program Files\Microchip\xc8\v1.21\dat\en_msgs.txt -cs \
  -h+dist/default/production\PR11.X.production.sym \
  --cmf=dist/default/production\PR11.X.production.cmf -z -Q16F876A \
  -oC:\DOCUME~1\Sales\LOCALS~1\Temp\s2mg.6 \
  -Mdist/default/production/PR11.X.production.map -E1 -ver=XC8 \
  -ACONST=00h-0FFhx32 -ACODE=00h-07FFhx4 -ASTRCODE=00h-01FFFh \
  -AENTRY=00h-0FFhx32 -ASTRING=00h-0FFhx32 -ACOMMON=070h-07Fh \
  -ABANK0=020h-06Fh -ABANK1=0A0h-0EFh -ABANK2=0110h-016Fh \
  -ABANK3=0190h-01EFh -ARAM=020h-06Fh,0A0h-0EFh,0110h-016Fh,0190h-01EFh \
  -AABS1=020h-07Fh,0A0h-0EFh,0110h-016Fh,0190h-01EFh -ASFR0=00h-01Fh \
  -ASFR1=080h-09Fh -ASFR2=0100h-010Fh -ASFR3=0180h-018Fh \
  -preset_vec=00h,intentry,init,end_init -ppowerup=CODE -pcinit=CODE \
  -pfunctab=CODE -ACONFIG=02007h-02007h -pconfig=CONFIG -DCONFIG=2 \
  -AIDLOC=02000h-02003h -pidloc=IDLOC -DIDLOC=2 -AEEDATA=00h-0FFh/02100h \
  -peeprom_data=EEDATA -DEEDATA=2 -DCODE=2 -DSTRCODE=2 -DSTRING=2 -DCONST=2 \
  -DENTRY=2 -k C:\DOCUME~1\Sales\LOCALS~1\Temp\s2mg.obj \
  dist/default/production\PR11.X.production.obj 

Object code version is 3.11

Machine type is 16F876A



                Name                               Link     Load   Length Selector   Space Scale
C:\DOCUME~1\Sales\LOCALS~1\Temp\s2mg.obj
                end_init                              0        0        3        0       0
                config                             2007     2007        1     400E       0
dist/default/production\PR11.X.production.obj
                cinit                               7F2      7F2        E      FE4       0
                text12                              20B      20B        B      416       0
                text11                              261      261       17      4C2       0
                text10                              225      225       13      44A       0
                text9                               24B      24B       16      496       0
                text8                               336      336       5E      66C       0
                text7                               394      394       70      728       0
                text6                               216      216        F      42C       0
                text5                               238      238       13      470       0
                text4                               2EA      2EA       4C      5D4       0
                text3                               404      404      1E8      808       0
                text2                               2AC      2AC       3E      558       0
                text1                               278      278       34      4F0       0
                maintext                            5EC      5EC      206      BD8       0
                cstackBANK0                          20       20        E       20       1
                cstackCOMMON                         70       70        E       70       1
                bssBANK0                             2E       2E        A       20       1

TOTAL           Name                               Link     Load   Length     Space
        CLASS   CONST          

        CLASS   CODE           
                end_init                              0        0        3         0
                cinit                               7F2      7F2        E         0
                text12                              20B      20B        B         0
                text11                              261      261       17         0
                text10                              225      225       13         0
                text9                               24B      24B       16         0
                text8                               336      336       5E         0
                text7                               394      394       70         0
                text6                               216      216        F         0
                text5                               238      238       13         0
                text4                               2EA      2EA       4C         0
                text3                               404      404      1E8         0
                text2                               2AC      2AC       3E         0
                text1                               278      278       34         0
                maintext                            5EC      5EC      206         0

        CLASS   STRCODE        

        CLASS   ENTRY          

        CLASS   STRING         

        CLASS   COMMON         
                cstackCOMMON                         70       70        E         1

        CLASS   BANK0          
                cstackBANK0                          20       20        E         1
                bssBANK0                             2E       2E        A         1

        CLASS   BANK1          

        CLASS   BANK2          

        CLASS   BANK3          

        CLASS   RAM            

        CLASS   ABS1           
                abs_s1                               7E       7E        2         1

        CLASS   SFR0           

        CLASS   SFR1           

        CLASS   SFR2           

        CLASS   SFR3           

        CLASS   CONFIG         
                config                             2007     2007        1         0

        CLASS   IDLOC          

        CLASS   EEDATA         



SEGMENTS        Name                           Load    Length   Top    Selector   Space  Class     Delta

                reset_vec                      000000  000003  000003         0       0  CODE        2
                cstackBANK0                    000020  000018  000038        20       1  BANK0       1
                cstackCOMMON                   000070  00000E  00007E        70       1  COMMON      1
                text12                         00020B  00000B  000216       416       0  CODE        2
                text6                          000216  00000F  000225       42C       0  CODE        2
                text10                         000225  000013  000238       44A       0  CODE        2
                text5                          000238  000013  00024B       470       0  CODE        2
                text9                          00024B  000016  000261       496       0  CODE        2
                text11                         000261  000017  000278       4C2       0  CODE        2
                text1                          000278  000034  0002AC       4F0       0  CODE        2
                text2                          0002AC  00003E  0002EA       558       0  CODE        2
                text4                          0002EA  00004C  000336       5D4       0  CODE        2
                text8                          000336  00005E  000394       66C       0  CODE        2
                text7                          000394  000070  000404       728       0  CODE        2
                text3                          000404  0001E8  0005EC       808       0  CODE        2
                maintext                       0005EC  000206  0007F2       BD8       0  CODE        2
                cinit                          0007F2  00000E  000800       FE4       0  CODE        2
                config                         002007  000001  002008      400E       0  CONFIG      2


UNUSED ADDRESS RANGES

        Name                Unused          Largest block    Delta
        BANK0            0038-006F             38           1
        BANK1            00A0-00EF             50           1
        BANK2            0110-016F             60           1
        BANK3            0190-01EF             60           1
        CODE             0003-020A            208           2
                         0800-1FFF            800
        CONST            0003-020A            100           2
                         0800-1FFF            100
        EEDATA           2100-21FF            100           2
        ENTRY            0003-020A            100           2
                         0800-1FFF            100
        IDLOC            2000-2003              4           2
        RAM              0038-006F             38           1
                         00A0-00EF             50
                         0110-016F             60
                         0190-01EF             60
        SFR0             0000-001F             20           1
        SFR1             0080-009F             20           1
        SFR2             0100-010F             10           1
        SFR3             0180-018F             10           1
        STRCODE          0003-020A            208           2
                         0800-1FFF           1800
        STRING           0003-020A            100           2
                         0800-1FFF            100

                                  Symbol Table

?___lldiv                cstackCOMMON 0070
?___llmod                cstackCOMMON 0070
?___lwdiv                cstackCOMMON 0070
?___lwmod                cstackCOMMON 0070
?_delay                  cstackCOMMON 0070
?_dis_num                cstackBANK0  0020
?_read_temp              cstackCOMMON 0070
_ADCON0                  (abs)        001F
_ADCON1                  (abs)        009F
_ADRESH                  (abs)        001E
_ADRESL                  (abs)        009E
_GO                      (abs)        00FA
_PORTA                   (abs)        0005
_PORTB                   (abs)        0006
_PORTC                   (abs)        0007
_RA2                     (abs)        002A
_RA5                     (abs)        002D
_RB1                     (abs)        0031
_RB2                     (abs)        0032
_RB3                     (abs)        0033
_RB4                     (abs)        0034
_RB5                     (abs)        0035
_TRISA                   (abs)        0085
_TRISB                   (abs)        0086
_TRISC                   (abs)        0087
__CFG_BOREN$OFF          (abs)        0000
__CFG_CP$OFF             (abs)        0000
__CFG_CPD$OFF            (abs)        0000
__CFG_DEBUG$OFF          (abs)        0000
__CFG_FOSC$HS            (abs)        0000
__CFG_LVP$OFF            (abs)        0000
__CFG_PWRTE$ON           (abs)        0000
__CFG_WDTE$OFF           (abs)        0000
__CFG_WRT$OFF            (abs)        0000
__Habs1                  abs1         0000
__Hbank0                 bank0        0000
__Hbank1                 bank1        0000
__Hbank2                 bank2        0000
__Hbank3                 bank3        0000
__HbssBANK0              bssBANK0     0000
__Hcinit                 cinit        0800
__Hclrtext               clrtext      0000
__Hcode                  code         0000
__Hcommon                common       0000
__Hconfig                config       2008
__HcstackBANK0           cstackBANK0  0000
__HcstackCOMMON          cstackCOMMON 0000
__Heeprom_data           eeprom_data  0000
__Hend_init              end_init     0003
__Hfunctab               functab      0000
__Hidloc                 idloc        0000
__Hinit                  init         0000
__Hintentry              intentry     0000
__Hmaintext              maintext     0000
__Hpowerup               powerup      0000
__Hram                   ram          0000
__Hreset_vec             reset_vec    0000
__Hsfr0                  sfr0         0000
__Hsfr1                  sfr1         0000
__Hsfr2                  sfr2         0000
__Hsfr3                  sfr3         0000
__Hstrings               strings      0000
__Htext                  text         0000
__Labs1                  abs1         0000
__Lbank0                 bank0        0000
__Lbank1                 bank1        0000
__Lbank2                 bank2        0000
__Lbank3                 bank3        0000
__LbssBANK0              bssBANK0     0000
__Lcinit                 cinit        07F2
__Lclrtext               clrtext      0000
__Lcode                  code         0000
__Lcommon                common       0000
__Lconfig                config       2007
__LcstackBANK0           cstackBANK0  0000
__LcstackCOMMON          cstackCOMMON 0000
__Leeprom_data           eeprom_data  0000
__Lend_init              end_init     0000
__Lfunctab               functab      0000
__Lidloc                 idloc        0000
__Linit                  init         0000
__Lintentry              intentry     0000
__Lmaintext              maintext     0000
__Lpowerup               powerup      0000
__Lram                   ram          0000
__Lreset_vec             reset_vec    0000
__Lsfr0                  sfr0         0000
__Lsfr1                  sfr1         0000
__Lsfr2                  sfr2         0000
__Lsfr3                  sfr3         0000
__Lstrings               strings      0000
__Ltext                  text         0000
__S0                     (abs)        2008
__S1                     (abs)        007E
__S3                     (abs)        0000
___latbits               (abs)        0002
___lldiv                 text8        0336
___lldiv@counter         cstackCOMMON 007D
___lldiv@dividend        cstackCOMMON 0074
___lldiv@divisor         cstackCOMMON 0070
___lldiv@quotient        cstackCOMMON 0079
___llmod                 text4        02EA
___llmod@counter         cstackCOMMON 0079
___llmod@dividend        cstackCOMMON 0074
___llmod@divisor         cstackCOMMON 0070
___lwdiv                 text2        02AC
___lwdiv@counter         cstackCOMMON 0077
___lwdiv@dividend        cstackCOMMON 0072
___lwdiv@divisor         cstackCOMMON 0070
___lwdiv@quotient        cstackCOMMON 0075
___lwmod                 text1        0278
___lwmod@counter         cstackCOMMON 0075
___lwmod@dividend        cstackCOMMON 0072
___lwmod@divisor         cstackCOMMON 0070
__end_of___lldiv         text8        0394
__end_of___llmod         text4        0336
__end_of___lwdiv         text2        02EA
__end_of___lwmod         text1        02AC
__end_of__initialization cinit        07FC
__end_of_delay           text12       0216
__end_of_dis_num         text3        05EC
__end_of_e_pulse         text11       0278
__end_of_lcd_goto        text9        0261
__end_of_main            maintext     07F2
__end_of_read_adc        text7        0404
__end_of_read_temp       text6        0225
__end_of_send_char       text5        024B
__end_of_send_config     text10       0238
__initialization         cinit        07F2
__pbssBANK0              bssBANK0     002E
__pcstackBANK0           cstackBANK0  0020
__pcstackCOMMON          cstackCOMMON 0070
__pmaintext              maintext     05EC
__ptext0                 text0        0000
__ptext1                 text1        0278
__ptext10                text10       0225
__ptext11                text11       0261
__ptext12                text12       020B
__ptext2                 text2        02AC
__ptext3                 text3        0404
__ptext4                 text4        02EA
__ptext5                 text5        0238
__ptext6                 text6        0216
__ptext7                 text7        0394
__ptext8                 text8        0336
__ptext9                 text9        024B
__size_of___lldiv        (abs)        0000
__size_of___llmod        (abs)        0000
__size_of___lwdiv        (abs)        0000
__size_of___lwmod        (abs)        0000
__size_of_delay          (abs)        0000
__size_of_dis_num        (abs)        0000
__size_of_e_pulse        (abs)        0000
__size_of_lcd_goto       (abs)        0000
__size_of_main           (abs)        0000
__size_of_read_adc       (abs)        0000
__size_of_read_temp      (abs)        0000
__size_of_send_char      (abs)        0000
__size_of_send_config    (abs)        0000
_delay                   text12       020B
_dis_num                 text3        0404
_e_pulse                 text11       0261
_lcd_goto                text9        024B
_main                    maintext     05EC
_read_adc                text7        0394
_read_temp               text6        0216
_result                  bssBANK0     002E
_send_char               text5        0238
_send_config             text10       0225
_temperatureA            bssBANK0     0030
_temperatureB            bssBANK0     0032
_temporary1              bssBANK0     0034
_temporary2              bssBANK0     0036
btemp                    (abs)        007E
delay@i                  cstackCOMMON 0070
dis_num@data             cstackBANK0  0020
dis_num@hundred          cstackBANK0  0028
dis_num@hundred_thousand cstackBANK0  0025
dis_num@ten_thousand     cstackBANK0  0026
dis_num@tenth            cstackBANK0  0029
dis_num@thousand         cstackBANK0  0027
end_of_initialization    cinit        07FC
intlevel0                functab      0000
intlevel1                functab      0000
intlevel2                functab      0000
intlevel3                functab      0000
intlevel4                functab      0000
intlevel5                functab      0000
lcd_goto@data            cstackCOMMON 0074
read_adc@i               cstackBANK0  0028
read_adc@result_temp     cstackBANK0  0024
read_temp@temp           cstackCOMMON 0072
reset_vec                reset_vec    0000
send_char@data           cstackCOMMON 0072
send_config@data         cstackCOMMON 0072
start                    init         0000
start_initialization     cinit        07F2
wtemp0                   (abs)        007E


FUNCTION INFORMATION:

 *************** function _main *****************
 Defined at:
		line 65 in file "../../Source File/PR11.c"
 Parameters:    Size  Location     Type
		None
 Auto vars:     Size  Location     Type
		None
 Return value:  Size  Location     Type
		None               void
 Registers used:
		wreg, status,2, status,0, pclath, cstack
 Tracked objects:
		On entry : 
		On exit  : 
		Unchanged: 
 Data sizes:     COMMON   BANK0   BANK1   BANK3   BANK2
      Params:         0       0       0       0       0
      Locals:         0       0       0       0       0
      Temps:          0       4       0       0       0
      Totals:         0       4       0       0       0
Total ram usage:        4 bytes
 Hardware stack levels required when called:    4
 This function calls:
		_send_config
		_lcd_goto
		_send_char
		_read_adc
		_read_temp
		_dis_num
		_delay
		___lwdiv
		___lwmod
 This function is called by:
		Startup code after reset
 This function uses a non-reentrant model


 *************** function ___lwmod *****************
 Defined at:
		line 5 in file "C:\Program Files\Microchip\xc8\v1.21\sources\pic\lwmod.c"
 Parameters:    Size  Location     Type
  divisor         2    0[COMMON] unsigned int 
  dividend        2    2[COMMON] unsigned int 
 Auto vars:     Size  Location     Type
  counter         1    5[COMMON] unsigned char 
 Return value:  Size  Location     Type
                  2    0[COMMON] unsigned int 
 Registers used:
		wreg, status,2, status,0
 Tracked objects:
		On entry : 
		On exit  : 
		Unchanged: 
 Data sizes:     COMMON   BANK0   BANK1   BANK3   BANK2
      Params:         4       0       0       0       0
      Locals:         1       0       0       0       0
      Temps:          1       0       0       0       0
      Totals:         6       0       0       0       0
Total ram usage:        6 bytes
 Hardware stack levels used:    1
 This function calls:
		Nothing
 This function is called by:
		_main
 This function uses a non-reentrant model


 *************** function ___lwdiv *****************
 Defined at:
		line 5 in file "C:\Program Files\Microchip\xc8\v1.21\sources\pic\lwdiv.c"
 Parameters:    Size  Location     Type
  divisor         2    0[COMMON] unsigned int 
  dividend        2    2[COMMON] unsigned int 
 Auto vars:     Size  Location     Type
  quotient        2    5[COMMON] unsigned int 
  counter         1    7[COMMON] unsigned char 
 Return value:  Size  Location     Type
                  2    0[COMMON] unsigned int 
 Registers used:
		wreg, status,2, status,0
 Tracked objects:
		On entry : 
		On exit  : 
		Unchanged: 
 Data sizes:     COMMON   BANK0   BANK1   BANK3   BANK2
      Params:         4       0       0       0       0
      Locals:         3       0       0       0       0
      Temps:          1       0       0       0       0
      Totals:         8       0       0       0       0
Total ram usage:        8 bytes
 Hardware stack levels used:    1
 This function calls:
		Nothing
 This function is called by:
		_main
 This function uses a non-reentrant model


 *************** function _dis_num *****************
 Defined at:
		line 245 in file "../../Source File/PR11.c"
 Parameters:    Size  Location     Type
  data            4    0[BANK0 ] unsigned long 
 Auto vars:     Size  Location     Type
  tenth           1    9[BANK0 ] unsigned char 
  hundred         1    8[BANK0 ] unsigned char 
  thousand        1    7[BANK0 ] unsigned char 
  ten_thousand    1    6[BANK0 ] unsigned char 
  hundred_thou    1    5[BANK0 ] unsigned char 
 Return value:  Size  Location     Type
		None               void
 Registers used:
		wreg, status,2, status,0, pclath, cstack
 Tracked objects:
		On entry : 
		On exit  : 
		Unchanged: 
 Data sizes:     COMMON   BANK0   BANK1   BANK3   BANK2
      Params:         0       4       0       0       0
      Locals:         0       5       0       0       0
      Temps:          0       1       0       0       0
      Totals:         0      10       0       0       0
Total ram usage:       10 bytes
 Hardware stack levels used:    1
 Hardware stack levels required when called:    3
 This function calls:
		_send_char
		___lldiv
		___llmod
 This function is called by:
		_main
		_increment
 This function uses a non-reentrant model


 *************** function ___llmod *****************
 Defined at:
		line 5 in file "C:\Program Files\Microchip\xc8\v1.21\sources\pic\llmod.c"
 Parameters:    Size  Location     Type
  divisor         4    0[COMMON] unsigned long 
  dividend        4    4[COMMON] unsigned long 
 Auto vars:     Size  Location     Type
  counter         1    9[COMMON] unsigned char 
 Return value:  Size  Location     Type
                  4    0[COMMON] unsigned long 
 Registers used:
		wreg, status,2, status,0
 Tracked objects:
		On entry : 
		On exit  : 
		Unchanged: 
 Data sizes:     COMMON   BANK0   BANK1   BANK3   BANK2
      Params:         8       0       0       0       0
      Locals:         1       0       0       0       0
      Temps:          1       0       0       0       0
      Totals:        10       0       0       0       0
Total ram usage:       10 bytes
 Hardware stack levels used:    1
 This function calls:
		Nothing
 This function is called by:
		_dis_num
 This function uses a non-reentrant model


 *************** function _send_char *****************
 Defined at:
		line 214 in file "../../Source File/PR11.c"
 Parameters:    Size  Location     Type
  data            1    wreg     unsigned char 
 Auto vars:     Size  Location     Type
  data            1    2[COMMON] unsigned char 
 Return value:  Size  Location     Type
		None               void
 Registers used:
		wreg, status,2, status,0, pclath, cstack
 Tracked objects:
		On entry : 
		On exit  : 
		Unchanged: 
 Data sizes:     COMMON   BANK0   BANK1   BANK3   BANK2
      Params:         0       0       0       0       0
      Locals:         1       0       0       0       0
      Temps:          0       0       0       0       0
      Totals:         1       0       0       0       0
Total ram usage:        1 bytes
 Hardware stack levels used:    1
 Hardware stack levels required when called:    2
 This function calls:
		_delay
		_e_pulse
 This function is called by:
		_main
		_dis_num
 This function uses a non-reentrant model


 *************** function _read_temp *****************
 Defined at:
		line 335 in file "../../Source File/PR11.c"
 Parameters:    Size  Location     Type
		None
 Auto vars:     Size  Location     Type
  temp            2    2[COMMON] unsigned short 
 Return value:  Size  Location     Type
                  2    0[COMMON] unsigned short 
 Registers used:
		wreg, status,2, status,0
 Tracked objects:
		On entry : 
		On exit  : 
		Unchanged: 
 Data sizes:     COMMON   BANK0   BANK1   BANK3   BANK2
      Params:         2       0       0       0       0
      Locals:         2       0       0       0       0
      Temps:          0       0       0       0       0
      Totals:         4       0       0       0       0
Total ram usage:        4 bytes
 Hardware stack levels used:    1
 This function calls:
		Nothing
 This function is called by:
		_main
 This function uses a non-reentrant model


 *************** function _read_adc *****************
 Defined at:
		line 317 in file "../../Source File/PR11.c"
 Parameters:    Size  Location     Type
		None
 Auto vars:     Size  Location     Type
  result_temp     4    4[BANK0 ] unsigned long 
  i               2    8[BANK0 ] unsigned short 
 Return value:  Size  Location     Type
		None               void
 Registers used:
		wreg, status,2, status,0, pclath, cstack
 Tracked objects:
		On entry : 
		On exit  : 
		Unchanged: 
 Data sizes:     COMMON   BANK0   BANK1   BANK3   BANK2
      Params:         0       0       0       0       0
      Locals:         0       6       0       0       0
      Temps:          0       4       0       0       0
      Totals:         0      10       0       0       0
Total ram usage:       10 bytes
 Hardware stack levels used:    1
 Hardware stack levels required when called:    1
 This function calls:
		___lldiv
 This function is called by:
		_main
 This function uses a non-reentrant model


 *************** function ___lldiv *****************
 Defined at:
		line 5 in file "C:\Program Files\Microchip\xc8\v1.21\sources\pic\lldiv.c"
 Parameters:    Size  Location     Type
  divisor         4    0[COMMON] unsigned long 
  dividend        4    4[COMMON] unsigned long 
 Auto vars:     Size  Location     Type
  quotient        4    9[COMMON] unsigned long 
  counter         1   13[COMMON] unsigned char 
 Return value:  Size  Location     Type
                  4    0[COMMON] unsigned long 
 Registers used:
		wreg, status,2, status,0
 Tracked objects:
		On entry : 
		On exit  : 
		Unchanged: 
 Data sizes:     COMMON   BANK0   BANK1   BANK3   BANK2
      Params:         8       0       0       0       0
      Locals:         5       0       0       0       0
      Temps:          1       0       0       0       0
      Totals:        14       0       0       0       0
Total ram usage:       14 bytes
 Hardware stack levels used:    1
 This function calls:
		Nothing
 This function is called by:
		_dis_num
		_read_adc
 This function uses a non-reentrant model


 *************** function _lcd_goto *****************
 Defined at:
		line 223 in file "../../Source File/PR11.c"
 Parameters:    Size  Location     Type
  data            1    wreg     unsigned char 
 Auto vars:     Size  Location     Type
  data            1    4[COMMON] unsigned char 
 Return value:  Size  Location     Type
		None               void
 Registers used:
		wreg, status,2, status,0, pclath, cstack
 Tracked objects:
		On entry : 
		On exit  : 
		Unchanged: 
 Data sizes:     COMMON   BANK0   BANK1   BANK3   BANK2
      Params:         0       0       0       0       0
      Locals:         1       0       0       0       0
      Temps:          1       0       0       0       0
      Totals:         2       0       0       0       0
Total ram usage:        2 bytes
 Hardware stack levels used:    1
 Hardware stack levels required when called:    3
 This function calls:
		_send_config
 This function is called by:
		_main
		_increment
 This function uses a non-reentrant model


 *************** function _send_config *****************
 Defined at:
		line 198 in file "../../Source File/PR11.c"
 Parameters:    Size  Location     Type
  data            1    wreg     unsigned char 
 Auto vars:     Size  Location     Type
  data            1    2[COMMON] unsigned char 
 Return value:  Size  Location     Type
		None               void
 Registers used:
		wreg, status,2, status,0, pclath, cstack
 Tracked objects:
		On entry : 
		On exit  : 
		Unchanged: 
 Data sizes:     COMMON   BANK0   BANK1   BANK3   BANK2
      Params:         0       0       0       0       0
      Locals:         1       0       0       0       0
      Temps:          0       0       0       0       0
      Totals:         1       0       0       0       0
Total ram usage:        1 bytes
 Hardware stack levels used:    1
 Hardware stack levels required when called:    2
 This function calls:
		_delay
		_e_pulse
 This function is called by:
		_main
		_lcd_goto
		_lcd_clr
 This function uses a non-reentrant model


 *************** function _e_pulse *****************
 Defined at:
		line 206 in file "../../Source File/PR11.c"
 Parameters:    Size  Location     Type
		None
 Auto vars:     Size  Location     Type
		None
 Return value:  Size  Location     Type
		None               void
 Registers used:
		wreg, status,2, status,0, pclath, cstack
 Tracked objects:
		On entry : 
		On exit  : 
		Unchanged: 
 Data sizes:     COMMON   BANK0   BANK1   BANK3   BANK2
      Params:         0       0       0       0       0
      Locals:         0       0       0       0       0
      Temps:          0       0       0       0       0
      Totals:         0       0       0       0       0
Total ram usage:        0 bytes
 Hardware stack levels used:    1
 Hardware stack levels required when called:    1
 This function calls:
		_delay
 This function is called by:
		_send_config
		_send_char
 This function uses a non-reentrant model


 *************** function _delay *****************
 Defined at:
		line 344 in file "../../Source File/PR11.c"
 Parameters:    Size  Location     Type
  i               2    0[COMMON] unsigned short 
 Auto vars:     Size  Location     Type
		None
 Return value:  Size  Location     Type
		None               void
 Registers used:
		wreg, status,2, status,0
 Tracked objects:
		On entry : 
		On exit  : 
		Unchanged: 
 Data sizes:     COMMON   BANK0   BANK1   BANK3   BANK2
      Params:         2       0       0       0       0
      Locals:         0       0       0       0       0
      Temps:          0       0       0       0       0
      Totals:         2       0       0       0       0
Total ram usage:        2 bytes
 Hardware stack levels used:    1
 This function calls:
		Nothing
 This function is called by:
		_main
		_send_config
		_e_pulse
		_send_char
		_lcd_clr
		_increment
 This function uses a non-reentrant model



MODULE INFORMATION

Module		Function		Class		Link	Load	Size
C:\Program Files\Microchip\xc8\v1.21\sources\pic\lwmod.c
		___lwmod       		CODE           	0278	0000	52

C:\Program Files\Microchip\xc8\v1.21\sources\pic\lwmod.c estimated size: 52

../../Source File/PR11.c
		_delay         		CODE           	020B	0000	11
		_main          		CODE           	05EC	0000	518
		_lcd_goto      		CODE           	024B	0000	22
		_send_config   		CODE           	0225	0000	19
		_dis_num       		CODE           	0404	0000	488
		_e_pulse       		CODE           	0261	0000	23
		_read_adc      		CODE           	0394	0000	112
		_send_char     		CODE           	0238	0000	19
		_read_temp     		CODE           	0216	0000	15

../../Source File/PR11.c estimated size: 1227

C:\Program Files\Microchip\xc8\v1.21\sources\pic\lwdiv.c
		___lwdiv       		CODE           	02AC	0000	62

C:\Program Files\Microchip\xc8\v1.21\sources\pic\lwdiv.c estimated size: 62

shared
		__initializatio		CODE           	07F2	0000	10

shared estimated size: 10

C:\Program Files\Microchip\xc8\v1.21\sources\pic\llmod.c
		___llmod       		CODE           	02EA	0000	76

C:\Program Files\Microchip\xc8\v1.21\sources\pic\llmod.c estimated size: 76

C:\Program Files\Microchip\xc8\v1.21\sources\pic\lldiv.c
		___lldiv       		CODE           	0336	0000	94

C:\Program Files\Microchip\xc8\v1.21\sources\pic\lldiv.c estimated size: 94

